#-----------------------------------------------------------
# Webtalk v2017.2 (64-bit)
# SW Build 1909853 on Thu Jun 15 18:39:09 MDT 2017
# IP Build 1909766 on Thu Jun 15 19:58:00 MDT 2017
# Start of session at: Thu Jul 25 11:48:09 2019
# Process ID: 8908
# Current directory: A:/Documents/code/VivadoLab/ripple_carry_adder_16bit/ripple_carry_adder_16bit.sim/sim_1/behav
# Command line: wbtcv.exe -mode batch -source A:/Documents/code/VivadoLab/ripple_carry_adder_16bit/ripple_carry_adder_16bit.sim/sim_1/behav/xsim.dir/Ripple_Carry_Adder_tb_behav/webtalk/xsim_webtalk.tcl -notrace
# Log file: A:/Documents/code/VivadoLab/ripple_carry_adder_16bit/ripple_carry_adder_16bit.sim/sim_1/behav/webtalk.log
# Journal file: A:/Documents/code/VivadoLab/ripple_carry_adder_16bit/ripple_carry_adder_16bit.sim/sim_1/behav\webtalk.jou
#-----------------------------------------------------------
source A:/Documents/code/VivadoLab/ripple_carry_adder_16bit/ripple_carry_adder_16bit.sim/sim_1/behav/xsim.dir/Ripple_Carry_Adder_tb_behav/webtalk/xsim_webtalk.tcl -notrace
